  Determining projects to restore...
  All projects are up-to-date for restore.
  Jobuler.Domain -> C:\Users\User\Desktop\Jobduler\apps\api\Jobuler.Domain\bin\Debug\net8.0\Jobuler.Domain.dll
  Jobuler.Application -> C:\Users\User\Desktop\Jobduler\apps\api\Jobuler.Application\bin\Debug\net8.0\Jobuler.Application.dll
  Jobuler.Infrastructure -> C:\Users\User\Desktop\Jobduler\apps\api\Jobuler.Infrastructure\bin\Debug\net8.0\Jobuler.Infrastructure.dll
C:\Program Files\dotnet\sdk\9.0.312\Microsoft.Common.CurrentVersion.targets(5093,5): warning MSB3026: Could not copy "C:\Users\User\Desktop\Jobduler\apps\api\Jobuler.Application\bin\Debug\net8.0\Jobuler.Application.dll" to "bin\Debug\net8.0\Jobuler.Application.dll". Beginning retry 1 in 1000ms. The process cannot access the file 'C:\Users\User\Desktop\Jobduler\apps\api\Jobuler.Api\bin\Debug\net8.0\Jobuler.Application.dll' because it is being used by another process. The file is locked by: "Jobuler.Api (20896)" [C:\Users\User\Desktop\Jobduler\apps\api\Jobuler.Api\Jobuler.Api.csproj]
C:\Program Files\dotnet\sdk\9.0.312\Microsoft.Common.CurrentVersion.targets(5093,5): warning MSB3026: Could not copy "C:\Users\User\Desktop\Jobduler\apps\api\Jobuler.Application\bin\Debug\net8.0\Jobuler.Application.pdb" to "bin\Debug\net8.0\Jobuler.Application.pdb". Beginning retry 1 in 1000ms. The process cannot access the file 'C:\Users\User\Desktop\Jobduler\apps\api\Jobuler.Api\bin\Debug\net8.0\Jobuler.Application.pdb' because it is being used by another process. The file is locked by: "Jobuler.Api (20896)" [C:\Users\User\Desktop\Jobduler\apps\api\Jobuler.Api\Jobuler.Api.csproj]
C:\Program Files\dotnet\sdk\9.0.312\Microsoft.Common.CurrentVersion.targets(5093,5): warning MSB3026: Could not copy "C:\Users\User\Desktop\Jobduler\apps\api\Jobuler.Domain\bin\Debug\net8.0\Jobuler.Domain.dll" to "bin\Debug\net8.0\Jobuler.Domain.dll". Beginning retry 1 in 1000ms. The process cannot access the file 'C:\Users\User\Desktop\Jobduler\apps\api\Jobuler.Api\bin\Debug\net8.0\Jobuler.Domain.dll' because it is being used by another process. The file is locked by: "Jobuler.Api (20896)" [C:\Users\User\Desktop\Jobduler\apps\api\Jobuler.Api\Jobuler.Api.csproj]
C:\Program Files\dotnet\sdk\9.0.312\Microsoft.Common.CurrentVersion.targets(5093,5): warning MSB3026: Could not copy "C:\Users\User\Desktop\Jobduler\apps\api\Jobuler.Infrastructure\bin\Debug\net8.0\Jobuler.Infrastructure.dll" to "bin\Debug\net8.0\Jobuler.Infrastructure.dll". Beginning retry 1 in 1000ms. The process cannot access the file 'C:\Users\User\Desktop\Jobduler\apps\api\Jobuler.Api\bin\Debug\net8.0\Jobuler.Infrastructure.dll' because it is being used by another process. The file is locked by: "Jobuler.Api (20896)" [C:\Users\User\Desktop\Jobduler\apps\api\Jobuler.Api\Jobuler.Api.csproj]
C:\Program Files\dotnet\sdk\9.0.312\Microsoft.Common.CurrentVersion.targets(5093,5): warning MSB3026: Could not copy "C:\Users\User\Desktop\Jobduler\apps\api\Jobuler.Application\bin\Debug\net8.0\Jobuler.Application.pdb" to "bin\Debug\net8.0\Jobuler.Application.pdb". Beginning retry 2 in 1000ms. The process cannot access the file 'C:\Users\User\Desktop\Jobduler\apps\api\Jobuler.Api\bin\Debug\net8.0\Jobuler.Application.pdb' because it is being used by another process. The file is locked by: "Jobuler.Api (20896)" [C:\Users\User\Desktop\Jobduler\apps\api\Jobuler.Api\Jobuler.Api.csproj]
C:\Program Files\dotnet\sdk\9.0.312\Microsoft.Common.CurrentVersion.targets(5093,5): warning MSB3026: Could not copy "C:\Users\User\Desktop\Jobduler\apps\api\Jobuler.Application\bin\Debug\net8.0\Jobuler.Application.dll" to "bin\Debug\net8.0\Jobuler.Application.dll". Beginning retry 2 in 1000ms. The process cannot access the file 'C:\Users\User\Desktop\Jobduler\apps\api\Jobuler.Api\bin\Debug\net8.0\Jobuler.Application.dll' because it is being used by another process. The file is locked by: "Jobuler.Api (20896)" [C:\Users\User\Desktop\Jobduler\apps\api\Jobuler.Api\Jobuler.Api.csproj]
C:\Program Files\dotnet\sdk\9.0.312\Microsoft.Common.CurrentVersion.targets(5093,5): warning MSB3026: Could not copy "C:\Users\User\Desktop\Jobduler\apps\api\Jobuler.Infrastructure\bin\Debug\net8.0\Jobuler.Infrastructure.dll" to "bin\Debug\net8.0\Jobuler.Infrastructure.dll". Beginning retry 2 in 1000ms. The process cannot access the file 'C:\Users\User\Desktop\Jobduler\apps\api\Jobuler.Api\bin\Debug\net8.0\Jobuler.Infrastructure.dll' because it is being used by another process. The file is locked by: "Jobuler.Api (20896)" [C:\Users\User\Desktop\Jobduler\apps\api\Jobuler.Api\Jobuler.Api.csproj]
C:\Program Files\dotnet\sdk\9.0.312\Microsoft.Common.CurrentVersion.targets(5093,5): warning MSB3026: Could not copy "C:\Users\User\Desktop\Jobduler\apps\api\Jobuler.Domain\bin\Debug\net8.0\Jobuler.Domain.dll" to "bin\Debug\net8.0\Jobuler.Domain.dll". Beginning retry 2 in 1000ms. The process cannot access the file 'C:\Users\User\Desktop\Jobduler\apps\api\Jobuler.Api\bin\Debug\net8.0\Jobuler.Domain.dll' because it is being used by another process. The file is locked by: "Jobuler.Api (20896)" [C:\Users\User\Desktop\Jobduler\apps\api\Jobuler.Api\Jobuler.Api.csproj]
C:\Program Files\dotnet\sdk\9.0.312\Microsoft.Common.CurrentVersion.targets(5093,5): warning MSB3026: Could not copy "C:\Users\User\Desktop\Jobduler\apps\api\Jobuler.Application\bin\Debug\net8.0\Jobuler.Application.pdb" to "bin\Debug\net8.0\Jobuler.Application.pdb". Beginning retry 3 in 1000ms. The process cannot access the file 'C:\Users\User\Desktop\Jobduler\apps\api\Jobuler.Api\bin\Debug\net8.0\Jobuler.Application.pdb' because it is being used by another process. The file is locked by: "Jobuler.Api (20896)" [C:\Users\User\Desktop\Jobduler\apps\api\Jobuler.Api\Jobuler.Api.csproj]
C:\Program Files\dotnet\sdk\9.0.312\Microsoft.Common.CurrentVersion.targets(5093,5): warning MSB3026: Could not copy "C:\Users\User\Desktop\Jobduler\apps\api\Jobuler.Application\bin\Debug\net8.0\Jobuler.Application.dll" to "bin\Debug\net8.0\Jobuler.Application.dll". Beginning retry 3 in 1000ms. The process cannot access the file 'C:\Users\User\Desktop\Jobduler\apps\api\Jobuler.Api\bin\Debug\net8.0\Jobuler.Application.dll' because it is being used by another process. The file is locked by: "Jobuler.Api (20896)" [C:\Users\User\Desktop\Jobduler\apps\api\Jobuler.Api\Jobuler.Api.csproj]
C:\Program Files\dotnet\sdk\9.0.312\Microsoft.Common.CurrentVersion.targets(5093,5): warning MSB3026: Could not copy "C:\Users\User\Desktop\Jobduler\apps\api\Jobuler.Infrastructure\bin\Debug\net8.0\Jobuler.Infrastructure.dll" to "bin\Debug\net8.0\Jobuler.Infrastructure.dll". Beginning retry 3 in 1000ms. The process cannot access the file 'C:\Users\User\Desktop\Jobduler\apps\api\Jobuler.Api\bin\Debug\net8.0\Jobuler.Infrastructure.dll' because it is being used by another process. The file is locked by: "Jobuler.Api (20896)" [C:\Users\User\Desktop\Jobduler\apps\api\Jobuler.Api\Jobuler.Api.csproj]
C:\Program Files\dotnet\sdk\9.0.312\Microsoft.Common.CurrentVersion.targets(5093,5): warning MSB3026: Could not copy "C:\Users\User\Desktop\Jobduler\apps\api\Jobuler.Domain\bin\Debug\net8.0\Jobuler.Domain.dll" to "bin\Debug\net8.0\Jobuler.Domain.dll". Beginning retry 3 in 1000ms. The process cannot access the file 'C:\Users\User\Desktop\Jobduler\apps\api\Jobuler.Api\bin\Debug\net8.0\Jobuler.Domain.dll' because it is being used by another process. The file is locked by: "Jobuler.Api (20896)" [C:\Users\User\Desktop\Jobduler\apps\api\Jobuler.Api\Jobuler.Api.csproj]
C:\Program Files\dotnet\sdk\9.0.312\Microsoft.Common.CurrentVersion.targets(5093,5): warning MSB3026: Could not copy "C:\Users\User\Desktop\Jobduler\apps\api\Jobuler.Domain\bin\Debug\net8.0\Jobuler.Domain.dll" to "bin\Debug\net8.0\Jobuler.Domain.dll". Beginning retry 4 in 1000ms. The process cannot access the file 'C:\Users\User\Desktop\Jobduler\apps\api\Jobuler.Api\bin\Debug\net8.0\Jobuler.Domain.dll' because it is being used by another process. The file is locked by: "Jobuler.Api (20896)" [C:\Users\User\Desktop\Jobduler\apps\api\Jobuler.Api\Jobuler.Api.csproj]
C:\Program Files\dotnet\sdk\9.0.312\Microsoft.Common.CurrentVersion.targets(5093,5): warning MSB3026: Could not copy "C:\Users\User\Desktop\Jobduler\apps\api\Jobuler.Application\bin\Debug\net8.0\Jobuler.Application.pdb" to "bin\Debug\net8.0\Jobuler.Application.pdb". Beginning retry 4 in 1000ms. The process cannot access the file 'C:\Users\User\Desktop\Jobduler\apps\api\Jobuler.Api\bin\Debug\net8.0\Jobuler.Application.pdb' because it is being used by another process. The file is locked by: "Jobuler.Api (20896)" [C:\Users\User\Desktop\Jobduler\apps\api\Jobuler.Api\Jobuler.Api.csproj]
C:\Program Files\dotnet\sdk\9.0.312\Microsoft.Common.CurrentVersion.targets(5093,5): warning MSB3026: Could not copy "C:\Users\User\Desktop\Jobduler\apps\api\Jobuler.Application\bin\Debug\net8.0\Jobuler.Application.dll" to "bin\Debug\net8.0\Jobuler.Application.dll". Beginning retry 4 in 1000ms. The process cannot access the file 'C:\Users\User\Desktop\Jobduler\apps\api\Jobuler.Api\bin\Debug\net8.0\Jobuler.Application.dll' because it is being used by another process. The file is locked by: "Jobuler.Api (20896)" [C:\Users\User\Desktop\Jobduler\apps\api\Jobuler.Api\Jobuler.Api.csproj]
C:\Program Files\dotnet\sdk\9.0.312\Microsoft.Common.CurrentVersion.targets(5093,5): warning MSB3026: Could not copy "C:\Users\User\Desktop\Jobduler\apps\api\Jobuler.Infrastructure\bin\Debug\net8.0\Jobuler.Infrastructure.dll" to "bin\Debug\net8.0\Jobuler.Infrastructure.dll". Beginning retry 4 in 1000ms. The process cannot access the file 'C:\Users\User\Desktop\Jobduler\apps\api\Jobuler.Api\bin\Debug\net8.0\Jobuler.Infrastructure.dll' because it is being used by another process. The file is locked by: "Jobuler.Api (20896)" [C:\Users\User\Desktop\Jobduler\apps\api\Jobuler.Api\Jobuler.Api.csproj]
C:\Program Files\dotnet\sdk\9.0.312\Microsoft.Common.CurrentVersion.targets(5093,5): warning MSB3026: Could not copy "C:\Users\User\Desktop\Jobduler\apps\api\Jobuler.Domain\bin\Debug\net8.0\Jobuler.Domain.dll" to "bin\Debug\net8.0\Jobuler.Domain.dll". Beginning retry 5 in 1000ms. The process cannot access the file 'C:\Users\User\Desktop\Jobduler\apps\api\Jobuler.Api\bin\Debug\net8.0\Jobuler.Domain.dll' because it is being used by another process. The file is locked by: "Jobuler.Api (20896)" [C:\Users\User\Desktop\Jobduler\apps\api\Jobuler.Api\Jobuler.Api.csproj]
C:\Program Files\dotnet\sdk\9.0.312\Microsoft.Common.CurrentVersion.targets(5093,5): warning MSB3026: Could not copy "C:\Users\User\Desktop\Jobduler\apps\api\Jobuler.Application\bin\Debug\net8.0\Jobuler.Application.pdb" to "bin\Debug\net8.0\Jobuler.Application.pdb". Beginning retry 5 in 1000ms. The process cannot access the file 'C:\Users\User\Desktop\Jobduler\apps\api\Jobuler.Api\bin\Debug\net8.0\Jobuler.Application.pdb' because it is being used by another process. The file is locked by: "Jobuler.Api (20896)" [C:\Users\User\Desktop\Jobduler\apps\api\Jobuler.Api\Jobuler.Api.csproj]
C:\Program Files\dotnet\sdk\9.0.312\Microsoft.Common.CurrentVersion.targets(5093,5): warning MSB3026: Could not copy "C:\Users\User\Desktop\Jobduler\apps\api\Jobuler.Infrastructure\bin\Debug\net8.0\Jobuler.Infrastructure.dll" to "bin\Debug\net8.0\Jobuler.Infrastructure.dll". Beginning retry 5 in 1000ms. The process cannot access the file 'C:\Users\User\Desktop\Jobduler\apps\api\Jobuler.Api\bin\Debug\net8.0\Jobuler.Infrastructure.dll' because it is being used by another process. The file is locked by: "Jobuler.Api (20896)" [C:\Users\User\Desktop\Jobduler\apps\api\Jobuler.Api\Jobuler.Api.csproj]
C:\Program Files\dotnet\sdk\9.0.312\Microsoft.Common.CurrentVersion.targets(5093,5): warning MSB3026: Could not copy "C:\Users\User\Desktop\Jobduler\apps\api\Jobuler.Application\bin\Debug\net8.0\Jobuler.Application.dll" to "bin\Debug\net8.0\Jobuler.Application.dll". Beginning retry 5 in 1000ms. The process cannot access the file 'C:\Users\User\Desktop\Jobduler\apps\api\Jobuler.Api\bin\Debug\net8.0\Jobuler.Application.dll' because it is being used by another process. The file is locked by: "Jobuler.Api (20896)" [C:\Users\User\Desktop\Jobduler\apps\api\Jobuler.Api\Jobuler.Api.csproj]
C:\Program Files\dotnet\sdk\9.0.312\Microsoft.Common.CurrentVersion.targets(5093,5): warning MSB3026: Could not copy "C:\Users\User\Desktop\Jobduler\apps\api\Jobuler.Domain\bin\Debug\net8.0\Jobuler.Domain.dll" to "bin\Debug\net8.0\Jobuler.Domain.dll". Beginning retry 6 in 1000ms. The process cannot access the file 'C:\Users\User\Desktop\Jobduler\apps\api\Jobuler.Api\bin\Debug\net8.0\Jobuler.Domain.dll' because it is being used by another process. The file is locked by: "Jobuler.Api (20896)" [C:\Users\User\Desktop\Jobduler\apps\api\Jobuler.Api\Jobuler.Api.csproj]
C:\Program Files\dotnet\sdk\9.0.312\Microsoft.Common.CurrentVersion.targets(5093,5): warning MSB3026: Could not copy "C:\Users\User\Desktop\Jobduler\apps\api\Jobuler.Application\bin\Debug\net8.0\Jobuler.Application.pdb" to "bin\Debug\net8.0\Jobuler.Application.pdb". Beginning retry 6 in 1000ms. The process cannot access the file 'C:\Users\User\Desktop\Jobduler\apps\api\Jobuler.Api\bin\Debug\net8.0\Jobuler.Application.pdb' because it is being used by another process. The file is locked by: "Jobuler.Api (20896)" [C:\Users\User\Desktop\Jobduler\apps\api\Jobuler.Api\Jobuler.Api.csproj]
C:\Program Files\dotnet\sdk\9.0.312\Microsoft.Common.CurrentVersion.targets(5093,5): warning MSB3026: Could not copy "C:\Users\User\Desktop\Jobduler\apps\api\Jobuler.Infrastructure\bin\Debug\net8.0\Jobuler.Infrastructure.dll" to "bin\Debug\net8.0\Jobuler.Infrastructure.dll". Beginning retry 6 in 1000ms. The process cannot access the file 'C:\Users\User\Desktop\Jobduler\apps\api\Jobuler.Api\bin\Debug\net8.0\Jobuler.Infrastructure.dll' because it is being used by another process. The file is locked by: "Jobuler.Api (20896)" [C:\Users\User\Desktop\Jobduler\apps\api\Jobuler.Api\Jobuler.Api.csproj]
C:\Program Files\dotnet\sdk\9.0.312\Microsoft.Common.CurrentVersion.targets(5093,5): warning MSB3026: Could not copy "C:\Users\User\Desktop\Jobduler\apps\api\Jobuler.Application\bin\Debug\net8.0\Jobuler.Application.dll" to "bin\Debug\net8.0\Jobuler.Application.dll". Beginning retry 6 in 1000ms. The process cannot access the file 'C:\Users\User\Desktop\Jobduler\apps\api\Jobuler.Api\bin\Debug\net8.0\Jobuler.Application.dll' because it is being used by another process. The file is locked by: "Jobuler.Api (20896)" [C:\Users\User\Desktop\Jobduler\apps\api\Jobuler.Api\Jobuler.Api.csproj]
C:\Program Files\dotnet\sdk\9.0.312\Microsoft.Common.CurrentVersion.targets(5093,5): warning MSB3026: Could not copy "C:\Users\User\Desktop\Jobduler\apps\api\Jobuler.Domain\bin\Debug\net8.0\Jobuler.Domain.dll" to "bin\Debug\net8.0\Jobuler.Domain.dll". Beginning retry 7 in 1000ms. The process cannot access the file 'C:\Users\User\Desktop\Jobduler\apps\api\Jobuler.Api\bin\Debug\net8.0\Jobuler.Domain.dll' because it is being used by another process. The file is locked by: "Jobuler.Api (20896)" [C:\Users\User\Desktop\Jobduler\apps\api\Jobuler.Api\Jobuler.Api.csproj]
C:\Program Files\dotnet\sdk\9.0.312\Microsoft.Common.CurrentVersion.targets(5093,5): warning MSB3026: Could not copy "C:\Users\User\Desktop\Jobduler\apps\api\Jobuler.Application\bin\Debug\net8.0\Jobuler.Application.pdb" to "bin\Debug\net8.0\Jobuler.Application.pdb". Beginning retry 7 in 1000ms. The process cannot access the file 'C:\Users\User\Desktop\Jobduler\apps\api\Jobuler.Api\bin\Debug\net8.0\Jobuler.Application.pdb' because it is being used by another process. The file is locked by: "Jobuler.Api (20896)" [C:\Users\User\Desktop\Jobduler\apps\api\Jobuler.Api\Jobuler.Api.csproj]
C:\Program Files\dotnet\sdk\9.0.312\Microsoft.Common.CurrentVersion.targets(5093,5): warning MSB3026: Could not copy "C:\Users\User\Desktop\Jobduler\apps\api\Jobuler.Domain\bin\Debug\net8.0\Jobuler.Domain.dll" to "bin\Debug\net8.0\Jobuler.Domain.dll". Beginning retry 8 in 1000ms. The process cannot access the file 'C:\Users\User\Desktop\Jobduler\apps\api\Jobuler.Api\bin\Debug\net8.0\Jobuler.Domain.dll' because it is being used by another process. The file is locked by: "Jobuler.Api (20896)" [C:\Users\User\Desktop\Jobduler\apps\api\Jobuler.Api\Jobuler.Api.csproj]
C:\Program Files\dotnet\sdk\9.0.312\Microsoft.Common.CurrentVersion.targets(5093,5): warning MSB3026: Could not copy "C:\Users\User\Desktop\Jobduler\apps\api\Jobuler.Application\bin\Debug\net8.0\Jobuler.Application.dll" to "bin\Debug\net8.0\Jobuler.Application.dll". Beginning retry 7 in 1000ms. The process cannot access the file 'C:\Users\User\Desktop\Jobduler\apps\api\Jobuler.Api\bin\Debug\net8.0\Jobuler.Application.dll' because it is being used by another process. The file is locked by: "Jobuler.Api (20896)" [C:\Users\User\Desktop\Jobduler\apps\api\Jobuler.Api\Jobuler.Api.csproj]
C:\Program Files\dotnet\sdk\9.0.312\Microsoft.Common.CurrentVersion.targets(5093,5): warning MSB3026: Could not copy "C:\Users\User\Desktop\Jobduler\apps\api\Jobuler.Infrastructure\bin\Debug\net8.0\Jobuler.Infrastructure.dll" to "bin\Debug\net8.0\Jobuler.Infrastructure.dll". Beginning retry 7 in 1000ms. The process cannot access the file 'C:\Users\User\Desktop\Jobduler\apps\api\Jobuler.Api\bin\Debug\net8.0\Jobuler.Infrastructure.dll' because it is being used by another process. The file is locked by: "Jobuler.Api (20896)" [C:\Users\User\Desktop\Jobduler\apps\api\Jobuler.Api\Jobuler.Api.csproj]
C:\Program Files\dotnet\sdk\9.0.312\Microsoft.Common.CurrentVersion.targets(5093,5): warning MSB3026: Could not copy "C:\Users\User\Desktop\Jobduler\apps\api\Jobuler.Application\bin\Debug\net8.0\Jobuler.Application.pdb" to "bin\Debug\net8.0\Jobuler.Application.pdb". Beginning retry 8 in 1000ms. The process cannot access the file 'C:\Users\User\Desktop\Jobduler\apps\api\Jobuler.Api\bin\Debug\net8.0\Jobuler.Application.pdb' because it is being used by another process. The file is locked by: "Jobuler.Api (20896)" [C:\Users\User\Desktop\Jobduler\apps\api\Jobuler.Api\Jobuler.Api.csproj]
C:\Program Files\dotnet\sdk\9.0.312\Microsoft.Common.CurrentVersion.targets(5093,5): warning MSB3026: Could not copy "C:\Users\User\Desktop\Jobduler\apps\api\Jobuler.Domain\bin\Debug\net8.0\Jobuler.Domain.dll" to "bin\Debug\net8.0\Jobuler.Domain.dll". Beginning retry 9 in 1000ms. The process cannot access the file 'C:\Users\User\Desktop\Jobduler\apps\api\Jobuler.Api\bin\Debug\net8.0\Jobuler.Domain.dll' because it is being used by another process. The file is locked by: "Jobuler.Api (20896)" [C:\Users\User\Desktop\Jobduler\apps\api\Jobuler.Api\Jobuler.Api.csproj]
C:\Program Files\dotnet\sdk\9.0.312\Microsoft.Common.CurrentVersion.targets(5093,5): warning MSB3026: Could not copy "C:\Users\User\Desktop\Jobduler\apps\api\Jobuler.Application\bin\Debug\net8.0\Jobuler.Application.dll" to "bin\Debug\net8.0\Jobuler.Application.dll". Beginning retry 8 in 1000ms. The process cannot access the file 'C:\Users\User\Desktop\Jobduler\apps\api\Jobuler.Api\bin\Debug\net8.0\Jobuler.Application.dll' because it is being used by another process. The file is locked by: "Jobuler.Api (20896)" [C:\Users\User\Desktop\Jobduler\apps\api\Jobuler.Api\Jobuler.Api.csproj]
C:\Program Files\dotnet\sdk\9.0.312\Microsoft.Common.CurrentVersion.targets(5093,5): warning MSB3026: Could not copy "C:\Users\User\Desktop\Jobduler\apps\api\Jobuler.Application\bin\Debug\net8.0\Jobuler.Application.pdb" to "bin\Debug\net8.0\Jobuler.Application.pdb". Beginning retry 9 in 1000ms. The process cannot access the file 'C:\Users\User\Desktop\Jobduler\apps\api\Jobuler.Api\bin\Debug\net8.0\Jobuler.Application.pdb' because it is being used by another process. The file is locked by: "Jobuler.Api (20896)" [C:\Users\User\Desktop\Jobduler\apps\api\Jobuler.Api\Jobuler.Api.csproj]
C:\Program Files\dotnet\sdk\9.0.312\Microsoft.Common.CurrentVersion.targets(5093,5): warning MSB3026: Could not copy "C:\Users\User\Desktop\Jobduler\apps\api\Jobuler.Infrastructure\bin\Debug\net8.0\Jobuler.Infrastructure.dll" to "bin\Debug\net8.0\Jobuler.Infrastructure.dll". Beginning retry 8 in 1000ms. The process cannot access the file 'C:\Users\User\Desktop\Jobduler\apps\api\Jobuler.Api\bin\Debug\net8.0\Jobuler.Infrastructure.dll' because it is being used by another process. The file is locked by: "Jobuler.Api (20896)" [C:\Users\User\Desktop\Jobduler\apps\api\Jobuler.Api\Jobuler.Api.csproj]
C:\Program Files\dotnet\sdk\9.0.312\Microsoft.Common.CurrentVersion.targets(5093,5): warning MSB3026: Could not copy "C:\Users\User\Desktop\Jobduler\apps\api\Jobuler.Domain\bin\Debug\net8.0\Jobuler.Domain.dll" to "bin\Debug\net8.0\Jobuler.Domain.dll". Beginning retry 10 in 1000ms. The process cannot access the file 'C:\Users\User\Desktop\Jobduler\apps\api\Jobuler.Api\bin\Debug\net8.0\Jobuler.Domain.dll' because it is being used by another process. The file is locked by: "Jobuler.Api (20896)" [C:\Users\User\Desktop\Jobduler\apps\api\Jobuler.Api\Jobuler.Api.csproj]
C:\Program Files\dotnet\sdk\9.0.312\Microsoft.Common.CurrentVersion.targets(5093,5): warning MSB3026: Could not copy "C:\Users\User\Desktop\Jobduler\apps\api\Jobuler.Application\bin\Debug\net8.0\Jobuler.Application.dll" to "bin\Debug\net8.0\Jobuler.Application.dll". Beginning retry 9 in 1000ms. The process cannot access the file 'C:\Users\User\Desktop\Jobduler\apps\api\Jobuler.Api\bin\Debug\net8.0\Jobuler.Application.dll' because it is being used by another process. The file is locked by: "Jobuler.Api (20896)" [C:\Users\User\Desktop\Jobduler\apps\api\Jobuler.Api\Jobuler.Api.csproj]
C:\Program Files\dotnet\sdk\9.0.312\Microsoft.Common.CurrentVersion.targets(5093,5): error MSB3027: Could not copy "C:\Users\User\Desktop\Jobduler\apps\api\Jobuler.Domain\bin\Debug\net8.0\Jobuler.Domain.dll" to "bin\Debug\net8.0\Jobuler.Domain.dll". Exceeded retry count of 10. Failed. The file is locked by: "Jobuler.Api (20896)" [C:\Users\User\Desktop\Jobduler\apps\api\Jobuler.Api\Jobuler.Api.csproj]
C:\Program Files\dotnet\sdk\9.0.312\Microsoft.Common.CurrentVersion.targets(5093,5): error MSB3021: Unable to copy file "C:\Users\User\Desktop\Jobduler\apps\api\Jobuler.Domain\bin\Debug\net8.0\Jobuler.Domain.dll" to "bin\Debug\net8.0\Jobuler.Domain.dll". The process cannot access the file 'C:\Users\User\Desktop\Jobduler\apps\api\Jobuler.Api\bin\Debug\net8.0\Jobuler.Domain.dll' because it is being used by another process. [C:\Users\User\Desktop\Jobduler\apps\api\Jobuler.Api\Jobuler.Api.csproj]
C:\Program Files\dotnet\sdk\9.0.312\Microsoft.Common.CurrentVersion.targets(5093,5): warning MSB3026: Could not copy "C:\Users\User\Desktop\Jobduler\apps\api\Jobuler.Application\bin\Debug\net8.0\Jobuler.Application.pdb" to "bin\Debug\net8.0\Jobuler.Application.pdb". Beginning retry 10 in 1000ms. The process cannot access the file 'C:\Users\User\Desktop\Jobduler\apps\api\Jobuler.Api\bin\Debug\net8.0\Jobuler.Application.pdb' because it is being used by another process. The file is locked by: "Jobuler.Api (20896)" [C:\Users\User\Desktop\Jobduler\apps\api\Jobuler.Api\Jobuler.Api.csproj]
C:\Program Files\dotnet\sdk\9.0.312\Microsoft.Common.CurrentVersion.targets(5093,5): warning MSB3026: Could not copy "C:\Users\User\Desktop\Jobduler\apps\api\Jobuler.Application\bin\Debug\net8.0\Jobuler.Application.dll" to "bin\Debug\net8.0\Jobuler.Application.dll". Beginning retry 10 in 1000ms. The process cannot access the file 'C:\Users\User\Desktop\Jobduler\apps\api\Jobuler.Api\bin\Debug\net8.0\Jobuler.Application.dll' because it is being used by another process. The file is locked by: "Jobuler.Api (20896)" [C:\Users\User\Desktop\Jobduler\apps\api\Jobuler.Api\Jobuler.Api.csproj]
C:\Program Files\dotnet\sdk\9.0.312\Microsoft.Common.CurrentVersion.targets(5093,5): warning MSB3026: Could not copy "C:\Users\User\Desktop\Jobduler\apps\api\Jobuler.Infrastructure\bin\Debug\net8.0\Jobuler.Infrastructure.dll" to "bin\Debug\net8.0\Jobuler.Infrastructure.dll". Beginning retry 9 in 1000ms. The process cannot access the file 'C:\Users\User\Desktop\Jobduler\apps\api\Jobuler.Api\bin\Debug\net8.0\Jobuler.Infrastructure.dll' because it is being used by another process. The file is locked by: "Jobuler.Api (20896)" [C:\Users\User\Desktop\Jobduler\apps\api\Jobuler.Api\Jobuler.Api.csproj]
C:\Program Files\dotnet\sdk\9.0.312\Microsoft.Common.CurrentVersion.targets(5093,5): error MSB3027: Could not copy "C:\Users\User\Desktop\Jobduler\apps\api\Jobuler.Application\bin\Debug\net8.0\Jobuler.Application.pdb" to "bin\Debug\net8.0\Jobuler.Application.pdb". Exceeded retry count of 10. Failed. The file is locked by: "Jobuler.Api (20896)" [C:\Users\User\Desktop\Jobduler\apps\api\Jobuler.Api\Jobuler.Api.csproj]
C:\Program Files\dotnet\sdk\9.0.312\Microsoft.Common.CurrentVersion.targets(5093,5): error MSB3021: Unable to copy file "C:\Users\User\Desktop\Jobduler\apps\api\Jobuler.Application\bin\Debug\net8.0\Jobuler.Application.pdb" to "bin\Debug\net8.0\Jobuler.Application.pdb". The process cannot access the file 'C:\Users\User\Desktop\Jobduler\apps\api\Jobuler.Api\bin\Debug\net8.0\Jobuler.Application.pdb' because it is being used by another process. [C:\Users\User\Desktop\Jobduler\apps\api\Jobuler.Api\Jobuler.Api.csproj]
C:\Program Files\dotnet\sdk\9.0.312\Microsoft.Common.CurrentVersion.targets(5093,5): error MSB3027: Could not copy "C:\Users\User\Desktop\Jobduler\apps\api\Jobuler.Application\bin\Debug\net8.0\Jobuler.Application.dll" to "bin\Debug\net8.0\Jobuler.Application.dll". Exceeded retry count of 10. Failed. The file is locked by: "Jobuler.Api (20896)" [C:\Users\User\Desktop\Jobduler\apps\api\Jobuler.Api\Jobuler.Api.csproj]
C:\Program Files\dotnet\sdk\9.0.312\Microsoft.Common.CurrentVersion.targets(5093,5): error MSB3021: Unable to copy file "C:\Users\User\Desktop\Jobduler\apps\api\Jobuler.Application\bin\Debug\net8.0\Jobuler.Application.dll" to "bin\Debug\net8.0\Jobuler.Application.dll". The process cannot access the file 'C:\Users\User\Desktop\Jobduler\apps\api\Jobuler.Api\bin\Debug\net8.0\Jobuler.Application.dll' because it is being used by another process. [C:\Users\User\Desktop\Jobduler\apps\api\Jobuler.Api\Jobuler.Api.csproj]
C:\Program Files\dotnet\sdk\9.0.312\Microsoft.Common.CurrentVersion.targets(5093,5): warning MSB3026: Could not copy "C:\Users\User\Desktop\Jobduler\apps\api\Jobuler.Infrastructure\bin\Debug\net8.0\Jobuler.Infrastructure.dll" to "bin\Debug\net8.0\Jobuler.Infrastructure.dll". Beginning retry 10 in 1000ms. The process cannot access the file 'C:\Users\User\Desktop\Jobduler\apps\api\Jobuler.Api\bin\Debug\net8.0\Jobuler.Infrastructure.dll' because it is being used by another process. The file is locked by: "Jobuler.Api (20896)" [C:\Users\User\Desktop\Jobduler\apps\api\Jobuler.Api\Jobuler.Api.csproj]
C:\Program Files\dotnet\sdk\9.0.312\Microsoft.Common.CurrentVersion.targets(5093,5): error MSB3027: Could not copy "C:\Users\User\Desktop\Jobduler\apps\api\Jobuler.Infrastructure\bin\Debug\net8.0\Jobuler.Infrastructure.dll" to "bin\Debug\net8.0\Jobuler.Infrastructure.dll". Exceeded retry count of 10. Failed. The file is locked by: "Jobuler.Api (20896)" [C:\Users\User\Desktop\Jobduler\apps\api\Jobuler.Api\Jobuler.Api.csproj]
C:\Program Files\dotnet\sdk\9.0.312\Microsoft.Common.CurrentVersion.targets(5093,5): error MSB3021: Unable to copy file "C:\Users\User\Desktop\Jobduler\apps\api\Jobuler.Infrastructure\bin\Debug\net8.0\Jobuler.Infrastructure.dll" to "bin\Debug\net8.0\Jobuler.Infrastructure.dll". The process cannot access the file 'C:\Users\User\Desktop\Jobduler\apps\api\Jobuler.Api\bin\Debug\net8.0\Jobuler.Infrastructure.dll' because it is being used by another process. [C:\Users\User\Desktop\Jobduler\apps\api\Jobuler.Api\Jobuler.Api.csproj]

Build FAILED.

C:\Program Files\dotnet\sdk\9.0.312\Microsoft.Common.CurrentVersion.targets(5093,5): warning MSB3026: Could not copy "C:\Users\User\Desktop\Jobduler\apps\api\Jobuler.Application\bin\Debug\net8.0\Jobuler.Application.dll" to "bin\Debug\net8.0\Jobuler.Application.dll". Beginning retry 1 in 1000ms. The process cannot access the file 'C:\Users\User\Desktop\Jobduler\apps\api\Jobuler.Api\bin\Debug\net8.0\Jobuler.Application.dll' because it is being used by another process. The file is locked by: "Jobuler.Api (20896)" [C:\Users\User\Desktop\Jobduler\apps\api\Jobuler.Api\Jobuler.Api.csproj]
C:\Program Files\dotnet\sdk\9.0.312\Microsoft.Common.CurrentVersion.targets(5093,5): warning MSB3026: Could not copy "C:\Users\User\Desktop\Jobduler\apps\api\Jobuler.Application\bin\Debug\net8.0\Jobuler.Application.pdb" to "bin\Debug\net8.0\Jobuler.Application.pdb". Beginning retry 1 in 1000ms. The process cannot access the file 'C:\Users\User\Desktop\Jobduler\apps\api\Jobuler.Api\bin\Debug\net8.0\Jobuler.Application.pdb' because it is being used by another process. The file is locked by: "Jobuler.Api (20896)" [C:\Users\User\Desktop\Jobduler\apps\api\Jobuler.Api\Jobuler.Api.csproj]
C:\Program Files\dotnet\sdk\9.0.312\Microsoft.Common.CurrentVersion.targets(5093,5): warning MSB3026: Could not copy "C:\Users\User\Desktop\Jobduler\apps\api\Jobuler.Domain\bin\Debug\net8.0\Jobuler.Domain.dll" to "bin\Debug\net8.0\Jobuler.Domain.dll". Beginning retry 1 in 1000ms. The process cannot access the file 'C:\Users\User\Desktop\Jobduler\apps\api\Jobuler.Api\bin\Debug\net8.0\Jobuler.Domain.dll' because it is being used by another process. The file is locked by: "Jobuler.Api (20896)" [C:\Users\User\Desktop\Jobduler\apps\api\Jobuler.Api\Jobuler.Api.csproj]
C:\Program Files\dotnet\sdk\9.0.312\Microsoft.Common.CurrentVersion.targets(5093,5): warning MSB3026: Could not copy "C:\Users\User\Desktop\Jobduler\apps\api\Jobuler.Infrastructure\bin\Debug\net8.0\Jobuler.Infrastructure.dll" to "bin\Debug\net8.0\Jobuler.Infrastructure.dll". Beginning retry 1 in 1000ms. The process cannot access the file 'C:\Users\User\Desktop\Jobduler\apps\api\Jobuler.Api\bin\Debug\net8.0\Jobuler.Infrastructure.dll' because it is being used by another process. The file is locked by: "Jobuler.Api (20896)" [C:\Users\User\Desktop\Jobduler\apps\api\Jobuler.Api\Jobuler.Api.csproj]
C:\Program Files\dotnet\sdk\9.0.312\Microsoft.Common.CurrentVersion.targets(5093,5): warning MSB3026: Could not copy "C:\Users\User\Desktop\Jobduler\apps\api\Jobuler.Application\bin\Debug\net8.0\Jobuler.Application.pdb" to "bin\Debug\net8.0\Jobuler.Application.pdb". Beginning retry 2 in 1000ms. The process cannot access the file 'C:\Users\User\Desktop\Jobduler\apps\api\Jobuler.Api\bin\Debug\net8.0\Jobuler.Application.pdb' because it is being used by another process. The file is locked by: "Jobuler.Api (20896)" [C:\Users\User\Desktop\Jobduler\apps\api\Jobuler.Api\Jobuler.Api.csproj]
C:\Program Files\dotnet\sdk\9.0.312\Microsoft.Common.CurrentVersion.targets(5093,5): warning MSB3026: Could not copy "C:\Users\User\Desktop\Jobduler\apps\api\Jobuler.Application\bin\Debug\net8.0\Jobuler.Application.dll" to "bin\Debug\net8.0\Jobuler.Application.dll". Beginning retry 2 in 1000ms. The process cannot access the file 'C:\Users\User\Desktop\Jobduler\apps\api\Jobuler.Api\bin\Debug\net8.0\Jobuler.Application.dll' because it is being used by another process. The file is locked by: "Jobuler.Api (20896)" [C:\Users\User\Desktop\Jobduler\apps\api\Jobuler.Api\Jobuler.Api.csproj]
C:\Program Files\dotnet\sdk\9.0.312\Microsoft.Common.CurrentVersion.targets(5093,5): warning MSB3026: Could not copy "C:\Users\User\Desktop\Jobduler\apps\api\Jobuler.Infrastructure\bin\Debug\net8.0\Jobuler.Infrastructure.dll" to "bin\Debug\net8.0\Jobuler.Infrastructure.dll". Beginning retry 2 in 1000ms. The process cannot access the file 'C:\Users\User\Desktop\Jobduler\apps\api\Jobuler.Api\bin\Debug\net8.0\Jobuler.Infrastructure.dll' because it is being used by another process. The file is locked by: "Jobuler.Api (20896)" [C:\Users\User\Desktop\Jobduler\apps\api\Jobuler.Api\Jobuler.Api.csproj]
C:\Program Files\dotnet\sdk\9.0.312\Microsoft.Common.CurrentVersion.targets(5093,5): warning MSB3026: Could not copy "C:\Users\User\Desktop\Jobduler\apps\api\Jobuler.Domain\bin\Debug\net8.0\Jobuler.Domain.dll" to "bin\Debug\net8.0\Jobuler.Domain.dll". Beginning retry 2 in 1000ms. The process cannot access the file 'C:\Users\User\Desktop\Jobduler\apps\api\Jobuler.Api\bin\Debug\net8.0\Jobuler.Domain.dll' because it is being used by another process. The file is locked by: "Jobuler.Api (20896)" [C:\Users\User\Desktop\Jobduler\apps\api\Jobuler.Api\Jobuler.Api.csproj]
C:\Program Files\dotnet\sdk\9.0.312\Microsoft.Common.CurrentVersion.targets(5093,5): warning MSB3026: Could not copy "C:\Users\User\Desktop\Jobduler\apps\api\Jobuler.Application\bin\Debug\net8.0\Jobuler.Application.pdb" to "bin\Debug\net8.0\Jobuler.Application.pdb". Beginning retry 3 in 1000ms. The process cannot access the file 'C:\Users\User\Desktop\Jobduler\apps\api\Jobuler.Api\bin\Debug\net8.0\Jobuler.Application.pdb' because it is being used by another process. The file is locked by: "Jobuler.Api (20896)" [C:\Users\User\Desktop\Jobduler\apps\api\Jobuler.Api\Jobuler.Api.csproj]
C:\Program Files\dotnet\sdk\9.0.312\Microsoft.Common.CurrentVersion.targets(5093,5): warning MSB3026: Could not copy "C:\Users\User\Desktop\Jobduler\apps\api\Jobuler.Application\bin\Debug\net8.0\Jobuler.Application.dll" to "bin\Debug\net8.0\Jobuler.Application.dll". Beginning retry 3 in 1000ms. The process cannot access the file 'C:\Users\User\Desktop\Jobduler\apps\api\Jobuler.Api\bin\Debug\net8.0\Jobuler.Application.dll' because it is being used by another process. The file is locked by: "Jobuler.Api (20896)" [C:\Users\User\Desktop\Jobduler\apps\api\Jobuler.Api\Jobuler.Api.csproj]
C:\Program Files\dotnet\sdk\9.0.312\Microsoft.Common.CurrentVersion.targets(5093,5): warning MSB3026: Could not copy "C:\Users\User\Desktop\Jobduler\apps\api\Jobuler.Infrastructure\bin\Debug\net8.0\Jobuler.Infrastructure.dll" to "bin\Debug\net8.0\Jobuler.Infrastructure.dll". Beginning retry 3 in 1000ms. The process cannot access the file 'C:\Users\User\Desktop\Jobduler\apps\api\Jobuler.Api\bin\Debug\net8.0\Jobuler.Infrastructure.dll' because it is being used by another process. The file is locked by: "Jobuler.Api (20896)" [C:\Users\User\Desktop\Jobduler\apps\api\Jobuler.Api\Jobuler.Api.csproj]
C:\Program Files\dotnet\sdk\9.0.312\Microsoft.Common.CurrentVersion.targets(5093,5): warning MSB3026: Could not copy "C:\Users\User\Desktop\Jobduler\apps\api\Jobuler.Domain\bin\Debug\net8.0\Jobuler.Domain.dll" to "bin\Debug\net8.0\Jobuler.Domain.dll". Beginning retry 3 in 1000ms. The process cannot access the file 'C:\Users\User\Desktop\Jobduler\apps\api\Jobuler.Api\bin\Debug\net8.0\Jobuler.Domain.dll' because it is being used by another process. The file is locked by: "Jobuler.Api (20896)" [C:\Users\User\Desktop\Jobduler\apps\api\Jobuler.Api\Jobuler.Api.csproj]
C:\Program Files\dotnet\sdk\9.0.312\Microsoft.Common.CurrentVersion.targets(5093,5): warning MSB3026: Could not copy "C:\Users\User\Desktop\Jobduler\apps\api\Jobuler.Domain\bin\Debug\net8.0\Jobuler.Domain.dll" to "bin\Debug\net8.0\Jobuler.Domain.dll". Beginning retry 4 in 1000ms. The process cannot access the file 'C:\Users\User\Desktop\Jobduler\apps\api\Jobuler.Api\bin\Debug\net8.0\Jobuler.Domain.dll' because it is being used by another process. The file is locked by: "Jobuler.Api (20896)" [C:\Users\User\Desktop\Jobduler\apps\api\Jobuler.Api\Jobuler.Api.csproj]
C:\Program Files\dotnet\sdk\9.0.312\Microsoft.Common.CurrentVersion.targets(5093,5): warning MSB3026: Could not copy "C:\Users\User\Desktop\Jobduler\apps\api\Jobuler.Application\bin\Debug\net8.0\Jobuler.Application.pdb" to "bin\Debug\net8.0\Jobuler.Application.pdb". Beginning retry 4 in 1000ms. The process cannot access the file 'C:\Users\User\Desktop\Jobduler\apps\api\Jobuler.Api\bin\Debug\net8.0\Jobuler.Application.pdb' because it is being used by another process. The file is locked by: "Jobuler.Api (20896)" [C:\Users\User\Desktop\Jobduler\apps\api\Jobuler.Api\Jobuler.Api.csproj]
C:\Program Files\dotnet\sdk\9.0.312\Microsoft.Common.CurrentVersion.targets(5093,5): warning MSB3026: Could not copy "C:\Users\User\Desktop\Jobduler\apps\api\Jobuler.Application\bin\Debug\net8.0\Jobuler.Application.dll" to "bin\Debug\net8.0\Jobuler.Application.dll". Beginning retry 4 in 1000ms. The process cannot access the file 'C:\Users\User\Desktop\Jobduler\apps\api\Jobuler.Api\bin\Debug\net8.0\Jobuler.Application.dll' because it is being used by another process. The file is locked by: "Jobuler.Api (20896)" [C:\Users\User\Desktop\Jobduler\apps\api\Jobuler.Api\Jobuler.Api.csproj]
C:\Program Files\dotnet\sdk\9.0.312\Microsoft.Common.CurrentVersion.targets(5093,5): warning MSB3026: Could not copy "C:\Users\User\Desktop\Jobduler\apps\api\Jobuler.Infrastructure\bin\Debug\net8.0\Jobuler.Infrastructure.dll" to "bin\Debug\net8.0\Jobuler.Infrastructure.dll". Beginning retry 4 in 1000ms. The process cannot access the file 'C:\Users\User\Desktop\Jobduler\apps\api\Jobuler.Api\bin\Debug\net8.0\Jobuler.Infrastructure.dll' because it is being used by another process. The file is locked by: "Jobuler.Api (20896)" [C:\Users\User\Desktop\Jobduler\apps\api\Jobuler.Api\Jobuler.Api.csproj]
C:\Program Files\dotnet\sdk\9.0.312\Microsoft.Common.CurrentVersion.targets(5093,5): warning MSB3026: Could not copy "C:\Users\User\Desktop\Jobduler\apps\api\Jobuler.Domain\bin\Debug\net8.0\Jobuler.Domain.dll" to "bin\Debug\net8.0\Jobuler.Domain.dll". Beginning retry 5 in 1000ms. The process cannot access the file 'C:\Users\User\Desktop\Jobduler\apps\api\Jobuler.Api\bin\Debug\net8.0\Jobuler.Domain.dll' because it is being used by another process. The file is locked by: "Jobuler.Api (20896)" [C:\Users\User\Desktop\Jobduler\apps\api\Jobuler.Api\Jobuler.Api.csproj]
C:\Program Files\dotnet\sdk\9.0.312\Microsoft.Common.CurrentVersion.targets(5093,5): warning MSB3026: Could not copy "C:\Users\User\Desktop\Jobduler\apps\api\Jobuler.Application\bin\Debug\net8.0\Jobuler.Application.pdb" to "bin\Debug\net8.0\Jobuler.Application.pdb". Beginning retry 5 in 1000ms. The process cannot access the file 'C:\Users\User\Desktop\Jobduler\apps\api\Jobuler.Api\bin\Debug\net8.0\Jobuler.Application.pdb' because it is being used by another process. The file is locked by: "Jobuler.Api (20896)" [C:\Users\User\Desktop\Jobduler\apps\api\Jobuler.Api\Jobuler.Api.csproj]
C:\Program Files\dotnet\sdk\9.0.312\Microsoft.Common.CurrentVersion.targets(5093,5): warning MSB3026: Could not copy "C:\Users\User\Desktop\Jobduler\apps\api\Jobuler.Infrastructure\bin\Debug\net8.0\Jobuler.Infrastructure.dll" to "bin\Debug\net8.0\Jobuler.Infrastructure.dll". Beginning retry 5 in 1000ms. The process cannot access the file 'C:\Users\User\Desktop\Jobduler\apps\api\Jobuler.Api\bin\Debug\net8.0\Jobuler.Infrastructure.dll' because it is being used by another process. The file is locked by: "Jobuler.Api (20896)" [C:\Users\User\Desktop\Jobduler\apps\api\Jobuler.Api\Jobuler.Api.csproj]
C:\Program Files\dotnet\sdk\9.0.312\Microsoft.Common.CurrentVersion.targets(5093,5): warning MSB3026: Could not copy "C:\Users\User\Desktop\Jobduler\apps\api\Jobuler.Application\bin\Debug\net8.0\Jobuler.Application.dll" to "bin\Debug\net8.0\Jobuler.Application.dll". Beginning retry 5 in 1000ms. The process cannot access the file 'C:\Users\User\Desktop\Jobduler\apps\api\Jobuler.Api\bin\Debug\net8.0\Jobuler.Application.dll' because it is being used by another process. The file is locked by: "Jobuler.Api (20896)" [C:\Users\User\Desktop\Jobduler\apps\api\Jobuler.Api\Jobuler.Api.csproj]
C:\Program Files\dotnet\sdk\9.0.312\Microsoft.Common.CurrentVersion.targets(5093,5): warning MSB3026: Could not copy "C:\Users\User\Desktop\Jobduler\apps\api\Jobuler.Domain\bin\Debug\net8.0\Jobuler.Domain.dll" to "bin\Debug\net8.0\Jobuler.Domain.dll". Beginning retry 6 in 1000ms. The process cannot access the file 'C:\Users\User\Desktop\Jobduler\apps\api\Jobuler.Api\bin\Debug\net8.0\Jobuler.Domain.dll' because it is being used by another process. The file is locked by: "Jobuler.Api (20896)" [C:\Users\User\Desktop\Jobduler\apps\api\Jobuler.Api\Jobuler.Api.csproj]
C:\Program Files\dotnet\sdk\9.0.312\Microsoft.Common.CurrentVersion.targets(5093,5): warning MSB3026: Could not copy "C:\Users\User\Desktop\Jobduler\apps\api\Jobuler.Application\bin\Debug\net8.0\Jobuler.Application.pdb" to "bin\Debug\net8.0\Jobuler.Application.pdb". Beginning retry 6 in 1000ms. The process cannot access the file 'C:\Users\User\Desktop\Jobduler\apps\api\Jobuler.Api\bin\Debug\net8.0\Jobuler.Application.pdb' because it is being used by another process. The file is locked by: "Jobuler.Api (20896)" [C:\Users\User\Desktop\Jobduler\apps\api\Jobuler.Api\Jobuler.Api.csproj]
C:\Program Files\dotnet\sdk\9.0.312\Microsoft.Common.CurrentVersion.targets(5093,5): warning MSB3026: Could not copy "C:\Users\User\Desktop\Jobduler\apps\api\Jobuler.Infrastructure\bin\Debug\net8.0\Jobuler.Infrastructure.dll" to "bin\Debug\net8.0\Jobuler.Infrastructure.dll". Beginning retry 6 in 1000ms. The process cannot access the file 'C:\Users\User\Desktop\Jobduler\apps\api\Jobuler.Api\bin\Debug\net8.0\Jobuler.Infrastructure.dll' because it is being used by another process. The file is locked by: "Jobuler.Api (20896)" [C:\Users\User\Desktop\Jobduler\apps\api\Jobuler.Api\Jobuler.Api.csproj]
C:\Program Files\dotnet\sdk\9.0.312\Microsoft.Common.CurrentVersion.targets(5093,5): warning MSB3026: Could not copy "C:\Users\User\Desktop\Jobduler\apps\api\Jobuler.Application\bin\Debug\net8.0\Jobuler.Application.dll" to "bin\Debug\net8.0\Jobuler.Application.dll". Beginning retry 6 in 1000ms. The process cannot access the file 'C:\Users\User\Desktop\Jobduler\apps\api\Jobuler.Api\bin\Debug\net8.0\Jobuler.Application.dll' because it is being used by another process. The file is locked by: "Jobuler.Api (20896)" [C:\Users\User\Desktop\Jobduler\apps\api\Jobuler.Api\Jobuler.Api.csproj]
C:\Program Files\dotnet\sdk\9.0.312\Microsoft.Common.CurrentVersion.targets(5093,5): warning MSB3026: Could not copy "C:\Users\User\Desktop\Jobduler\apps\api\Jobuler.Domain\bin\Debug\net8.0\Jobuler.Domain.dll" to "bin\Debug\net8.0\Jobuler.Domain.dll". Beginning retry 7 in 1000ms. The process cannot access the file 'C:\Users\User\Desktop\Jobduler\apps\api\Jobuler.Api\bin\Debug\net8.0\Jobuler.Domain.dll' because it is being used by another process. The file is locked by: "Jobuler.Api (20896)" [C:\Users\User\Desktop\Jobduler\apps\api\Jobuler.Api\Jobuler.Api.csproj]
C:\Program Files\dotnet\sdk\9.0.312\Microsoft.Common.CurrentVersion.targets(5093,5): warning MSB3026: Could not copy "C:\Users\User\Desktop\Jobduler\apps\api\Jobuler.Application\bin\Debug\net8.0\Jobuler.Application.pdb" to "bin\Debug\net8.0\Jobuler.Application.pdb". Beginning retry 7 in 1000ms. The process cannot access the file 'C:\Users\User\Desktop\Jobduler\apps\api\Jobuler.Api\bin\Debug\net8.0\Jobuler.Application.pdb' because it is being used by another process. The file is locked by: "Jobuler.Api (20896)" [C:\Users\User\Desktop\Jobduler\apps\api\Jobuler.Api\Jobuler.Api.csproj]
C:\Program Files\dotnet\sdk\9.0.312\Microsoft.Common.CurrentVersion.targets(5093,5): warning MSB3026: Could not copy "C:\Users\User\Desktop\Jobduler\apps\api\Jobuler.Domain\bin\Debug\net8.0\Jobuler.Domain.dll" to "bin\Debug\net8.0\Jobuler.Domain.dll". Beginning retry 8 in 1000ms. The process cannot access the file 'C:\Users\User\Desktop\Jobduler\apps\api\Jobuler.Api\bin\Debug\net8.0\Jobuler.Domain.dll' because it is being used by another process. The file is locked by: "Jobuler.Api (20896)" [C:\Users\User\Desktop\Jobduler\apps\api\Jobuler.Api\Jobuler.Api.csproj]
C:\Program Files\dotnet\sdk\9.0.312\Microsoft.Common.CurrentVersion.targets(5093,5): warning MSB3026: Could not copy "C:\Users\User\Desktop\Jobduler\apps\api\Jobuler.Application\bin\Debug\net8.0\Jobuler.Application.dll" to "bin\Debug\net8.0\Jobuler.Application.dll". Beginning retry 7 in 1000ms. The process cannot access the file 'C:\Users\User\Desktop\Jobduler\apps\api\Jobuler.Api\bin\Debug\net8.0\Jobuler.Application.dll' because it is being used by another process. The file is locked by: "Jobuler.Api (20896)" [C:\Users\User\Desktop\Jobduler\apps\api\Jobuler.Api\Jobuler.Api.csproj]
C:\Program Files\dotnet\sdk\9.0.312\Microsoft.Common.CurrentVersion.targets(5093,5): warning MSB3026: Could not copy "C:\Users\User\Desktop\Jobduler\apps\api\Jobuler.Infrastructure\bin\Debug\net8.0\Jobuler.Infrastructure.dll" to "bin\Debug\net8.0\Jobuler.Infrastructure.dll". Beginning retry 7 in 1000ms. The process cannot access the file 'C:\Users\User\Desktop\Jobduler\apps\api\Jobuler.Api\bin\Debug\net8.0\Jobuler.Infrastructure.dll' because it is being used by another process. The file is locked by: "Jobuler.Api (20896)" [C:\Users\User\Desktop\Jobduler\apps\api\Jobuler.Api\Jobuler.Api.csproj]
C:\Program Files\dotnet\sdk\9.0.312\Microsoft.Common.CurrentVersion.targets(5093,5): warning MSB3026: Could not copy "C:\Users\User\Desktop\Jobduler\apps\api\Jobuler.Application\bin\Debug\net8.0\Jobuler.Application.pdb" to "bin\Debug\net8.0\Jobuler.Application.pdb". Beginning retry 8 in 1000ms. The process cannot access the file 'C:\Users\User\Desktop\Jobduler\apps\api\Jobuler.Api\bin\Debug\net8.0\Jobuler.Application.pdb' because it is being used by another process. The file is locked by: "Jobuler.Api (20896)" [C:\Users\User\Desktop\Jobduler\apps\api\Jobuler.Api\Jobuler.Api.csproj]
C:\Program Files\dotnet\sdk\9.0.312\Microsoft.Common.CurrentVersion.targets(5093,5): warning MSB3026: Could not copy "C:\Users\User\Desktop\Jobduler\apps\api\Jobuler.Domain\bin\Debug\net8.0\Jobuler.Domain.dll" to "bin\Debug\net8.0\Jobuler.Domain.dll". Beginning retry 9 in 1000ms. The process cannot access the file 'C:\Users\User\Desktop\Jobduler\apps\api\Jobuler.Api\bin\Debug\net8.0\Jobuler.Domain.dll' because it is being used by another process. The file is locked by: "Jobuler.Api (20896)" [C:\Users\User\Desktop\Jobduler\apps\api\Jobuler.Api\Jobuler.Api.csproj]
C:\Program Files\dotnet\sdk\9.0.312\Microsoft.Common.CurrentVersion.targets(5093,5): warning MSB3026: Could not copy "C:\Users\User\Desktop\Jobduler\apps\api\Jobuler.Application\bin\Debug\net8.0\Jobuler.Application.dll" to "bin\Debug\net8.0\Jobuler.Application.dll". Beginning retry 8 in 1000ms. The process cannot access the file 'C:\Users\User\Desktop\Jobduler\apps\api\Jobuler.Api\bin\Debug\net8.0\Jobuler.Application.dll' because it is being used by another process. The file is locked by: "Jobuler.Api (20896)" [C:\Users\User\Desktop\Jobduler\apps\api\Jobuler.Api\Jobuler.Api.csproj]
C:\Program Files\dotnet\sdk\9.0.312\Microsoft.Common.CurrentVersion.targets(5093,5): warning MSB3026: Could not copy "C:\Users\User\Desktop\Jobduler\apps\api\Jobuler.Application\bin\Debug\net8.0\Jobuler.Application.pdb" to "bin\Debug\net8.0\Jobuler.Application.pdb". Beginning retry 9 in 1000ms. The process cannot access the file 'C:\Users\User\Desktop\Jobduler\apps\api\Jobuler.Api\bin\Debug\net8.0\Jobuler.Application.pdb' because it is being used by another process. The file is locked by: "Jobuler.Api (20896)" [C:\Users\User\Desktop\Jobduler\apps\api\Jobuler.Api\Jobuler.Api.csproj]
C:\Program Files\dotnet\sdk\9.0.312\Microsoft.Common.CurrentVersion.targets(5093,5): warning MSB3026: Could not copy "C:\Users\User\Desktop\Jobduler\apps\api\Jobuler.Infrastructure\bin\Debug\net8.0\Jobuler.Infrastructure.dll" to "bin\Debug\net8.0\Jobuler.Infrastructure.dll". Beginning retry 8 in 1000ms. The process cannot access the file 'C:\Users\User\Desktop\Jobduler\apps\api\Jobuler.Api\bin\Debug\net8.0\Jobuler.Infrastructure.dll' because it is being used by another process. The file is locked by: "Jobuler.Api (20896)" [C:\Users\User\Desktop\Jobduler\apps\api\Jobuler.Api\Jobuler.Api.csproj]
C:\Program Files\dotnet\sdk\9.0.312\Microsoft.Common.CurrentVersion.targets(5093,5): warning MSB3026: Could not copy "C:\Users\User\Desktop\Jobduler\apps\api\Jobuler.Domain\bin\Debug\net8.0\Jobuler.Domain.dll" to "bin\Debug\net8.0\Jobuler.Domain.dll". Beginning retry 10 in 1000ms. The process cannot access the file 'C:\Users\User\Desktop\Jobduler\apps\api\Jobuler.Api\bin\Debug\net8.0\Jobuler.Domain.dll' because it is being used by another process. The file is locked by: "Jobuler.Api (20896)" [C:\Users\User\Desktop\Jobduler\apps\api\Jobuler.Api\Jobuler.Api.csproj]
C:\Program Files\dotnet\sdk\9.0.312\Microsoft.Common.CurrentVersion.targets(5093,5): warning MSB3026: Could not copy "C:\Users\User\Desktop\Jobduler\apps\api\Jobuler.Application\bin\Debug\net8.0\Jobuler.Application.dll" to "bin\Debug\net8.0\Jobuler.Application.dll". Beginning retry 9 in 1000ms. The process cannot access the file 'C:\Users\User\Desktop\Jobduler\apps\api\Jobuler.Api\bin\Debug\net8.0\Jobuler.Application.dll' because it is being used by another process. The file is locked by: "Jobuler.Api (20896)" [C:\Users\User\Desktop\Jobduler\apps\api\Jobuler.Api\Jobuler.Api.csproj]
C:\Program Files\dotnet\sdk\9.0.312\Microsoft.Common.CurrentVersion.targets(5093,5): warning MSB3026: Could not copy "C:\Users\User\Desktop\Jobduler\apps\api\Jobuler.Application\bin\Debug\net8.0\Jobuler.Application.pdb" to "bin\Debug\net8.0\Jobuler.Application.pdb". Beginning retry 10 in 1000ms. The process cannot access the file 'C:\Users\User\Desktop\Jobduler\apps\api\Jobuler.Api\bin\Debug\net8.0\Jobuler.Application.pdb' because it is being used by another process. The file is locked by: "Jobuler.Api (20896)" [C:\Users\User\Desktop\Jobduler\apps\api\Jobuler.Api\Jobuler.Api.csproj]
C:\Program Files\dotnet\sdk\9.0.312\Microsoft.Common.CurrentVersion.targets(5093,5): warning MSB3026: Could not copy "C:\Users\User\Desktop\Jobduler\apps\api\Jobuler.Application\bin\Debug\net8.0\Jobuler.Application.dll" to "bin\Debug\net8.0\Jobuler.Application.dll". Beginning retry 10 in 1000ms. The process cannot access the file 'C:\Users\User\Desktop\Jobduler\apps\api\Jobuler.Api\bin\Debug\net8.0\Jobuler.Application.dll' because it is being used by another process. The file is locked by: "Jobuler.Api (20896)" [C:\Users\User\Desktop\Jobduler\apps\api\Jobuler.Api\Jobuler.Api.csproj]
C:\Program Files\dotnet\sdk\9.0.312\Microsoft.Common.CurrentVersion.targets(5093,5): warning MSB3026: Could not copy "C:\Users\User\Desktop\Jobduler\apps\api\Jobuler.Infrastructure\bin\Debug\net8.0\Jobuler.Infrastructure.dll" to "bin\Debug\net8.0\Jobuler.Infrastructure.dll". Beginning retry 9 in 1000ms. The process cannot access the file 'C:\Users\User\Desktop\Jobduler\apps\api\Jobuler.Api\bin\Debug\net8.0\Jobuler.Infrastructure.dll' because it is being used by another process. The file is locked by: "Jobuler.Api (20896)" [C:\Users\User\Desktop\Jobduler\apps\api\Jobuler.Api\Jobuler.Api.csproj]
C:\Program Files\dotnet\sdk\9.0.312\Microsoft.Common.CurrentVersion.targets(5093,5): warning MSB3026: Could not copy "C:\Users\User\Desktop\Jobduler\apps\api\Jobuler.Infrastructure\bin\Debug\net8.0\Jobuler.Infrastructure.dll" to "bin\Debug\net8.0\Jobuler.Infrastructure.dll". Beginning retry 10 in 1000ms. The process cannot access the file 'C:\Users\User\Desktop\Jobduler\apps\api\Jobuler.Api\bin\Debug\net8.0\Jobuler.Infrastructure.dll' because it is being used by another process. The file is locked by: "Jobuler.Api (20896)" [C:\Users\User\Desktop\Jobduler\apps\api\Jobuler.Api\Jobuler.Api.csproj]
C:\Program Files\dotnet\sdk\9.0.312\Microsoft.Common.CurrentVersion.targets(5093,5): error MSB3027: Could not copy "C:\Users\User\Desktop\Jobduler\apps\api\Jobuler.Domain\bin\Debug\net8.0\Jobuler.Domain.dll" to "bin\Debug\net8.0\Jobuler.Domain.dll". Exceeded retry count of 10. Failed. The file is locked by: "Jobuler.Api (20896)" [C:\Users\User\Desktop\Jobduler\apps\api\Jobuler.Api\Jobuler.Api.csproj]
C:\Program Files\dotnet\sdk\9.0.312\Microsoft.Common.CurrentVersion.targets(5093,5): error MSB3021: Unable to copy file "C:\Users\User\Desktop\Jobduler\apps\api\Jobuler.Domain\bin\Debug\net8.0\Jobuler.Domain.dll" to "bin\Debug\net8.0\Jobuler.Domain.dll". The process cannot access the file 'C:\Users\User\Desktop\Jobduler\apps\api\Jobuler.Api\bin\Debug\net8.0\Jobuler.Domain.dll' because it is being used by another process. [C:\Users\User\Desktop\Jobduler\apps\api\Jobuler.Api\Jobuler.Api.csproj]
C:\Program Files\dotnet\sdk\9.0.312\Microsoft.Common.CurrentVersion.targets(5093,5): error MSB3027: Could not copy "C:\Users\User\Desktop\Jobduler\apps\api\Jobuler.Application\bin\Debug\net8.0\Jobuler.Application.pdb" to "bin\Debug\net8.0\Jobuler.Application.pdb". Exceeded retry count of 10. Failed. The file is locked by: "Jobuler.Api (20896)" [C:\Users\User\Desktop\Jobduler\apps\api\Jobuler.Api\Jobuler.Api.csproj]
C:\Program Files\dotnet\sdk\9.0.312\Microsoft.Common.CurrentVersion.targets(5093,5): error MSB3021: Unable to copy file "C:\Users\User\Desktop\Jobduler\apps\api\Jobuler.Application\bin\Debug\net8.0\Jobuler.Application.pdb" to "bin\Debug\net8.0\Jobuler.Application.pdb". The process cannot access the file 'C:\Users\User\Desktop\Jobduler\apps\api\Jobuler.Api\bin\Debug\net8.0\Jobuler.Application.pdb' because it is being used by another process. [C:\Users\User\Desktop\Jobduler\apps\api\Jobuler.Api\Jobuler.Api.csproj]
C:\Program Files\dotnet\sdk\9.0.312\Microsoft.Common.CurrentVersion.targets(5093,5): error MSB3027: Could not copy "C:\Users\User\Desktop\Jobduler\apps\api\Jobuler.Application\bin\Debug\net8.0\Jobuler.Application.dll" to "bin\Debug\net8.0\Jobuler.Application.dll". Exceeded retry count of 10. Failed. The file is locked by: "Jobuler.Api (20896)" [C:\Users\User\Desktop\Jobduler\apps\api\Jobuler.Api\Jobuler.Api.csproj]
C:\Program Files\dotnet\sdk\9.0.312\Microsoft.Common.CurrentVersion.targets(5093,5): error MSB3021: Unable to copy file "C:\Users\User\Desktop\Jobduler\apps\api\Jobuler.Application\bin\Debug\net8.0\Jobuler.Application.dll" to "bin\Debug\net8.0\Jobuler.Application.dll". The process cannot access the file 'C:\Users\User\Desktop\Jobduler\apps\api\Jobuler.Api\bin\Debug\net8.0\Jobuler.Application.dll' because it is being used by another process. [C:\Users\User\Desktop\Jobduler\apps\api\Jobuler.Api\Jobuler.Api.csproj]
C:\Program Files\dotnet\sdk\9.0.312\Microsoft.Common.CurrentVersion.targets(5093,5): error MSB3027: Could not copy "C:\Users\User\Desktop\Jobduler\apps\api\Jobuler.Infrastructure\bin\Debug\net8.0\Jobuler.Infrastructure.dll" to "bin\Debug\net8.0\Jobuler.Infrastructure.dll". Exceeded retry count of 10. Failed. The file is locked by: "Jobuler.Api (20896)" [C:\Users\User\Desktop\Jobduler\apps\api\Jobuler.Api\Jobuler.Api.csproj]
C:\Program Files\dotnet\sdk\9.0.312\Microsoft.Common.CurrentVersion.targets(5093,5): error MSB3021: Unable to copy file "C:\Users\User\Desktop\Jobduler\apps\api\Jobuler.Infrastructure\bin\Debug\net8.0\Jobuler.Infrastructure.dll" to "bin\Debug\net8.0\Jobuler.Infrastructure.dll". The process cannot access the file 'C:\Users\User\Desktop\Jobduler\apps\api\Jobuler.Api\bin\Debug\net8.0\Jobuler.Infrastructure.dll' because it is being used by another process. [C:\Users\User\Desktop\Jobduler\apps\api\Jobuler.Api\Jobuler.Api.csproj]
    40 Warning(s)
    8 Error(s)

Time Elapsed 00:00:33.30

Workload updates are available. Run `dotnet workload list` for more information.
